[uygunhesap.tk/index.html]
[backblue.gif]
[fade.gif]
[index.html]
[uygunhesap.tk/assets/css/bootstrap.min.css]
[uygunhesap.tk/assets/css/theme.min.css]
[uygunhesap.tk/assets/css/aos.min.css]
[uygunhesap.tk/assets/css/toastr.min.css]
[uygunhesap.tk/assets/fontawesome/css/all.min.css]
[uygunhesap.tk/assets/img/favicon.png]
[uygunhesap.tk/assets/img/logo.png]
[uygunhesap.tk/p/kullanim-kosullari.html]
[uygunhesap.tk/p/sikca-sorulan-sorular.html]
[uygunhesap.tk/assets/js/jquery.min.js]
[uygunhesap.tk/login.html]
[uygunhesap.tk/register.html]
[uygunhesap.tk/assets/img/phone.png]
[uygunhesap.tk/assets/img/support.png]
[uygunhesap.tk/assets/img/about.png]
[uygunhesap.tk/forza-horizon-4-ultimate-edition-19.html]
[uygunhesap.tk/assets/uploads/category-19.jpg]
[uygunhesap.tk/battlefield-v-18.html]
[uygunhesap.tk/assets/uploads/category-18.jpg]
[uygunhesap.tk/rainbow-six-siege-17.html]
[uygunhesap.tk/assets/uploads/category-17.jpg]
[uygunhesap.tk/nba-2k20-16.html]
[uygunhesap.tk/assets/uploads/category-16.jpg]
[uygunhesap.tk/mount-blade-ii-bannerlord-15.html]
[uygunhesap.tk/assets/uploads/category-15.jpg]
[uygunhesap.tk/sea-of-thieves-14.html]
[uygunhesap.tk/assets/uploads/category-14.jpg]
[uygunhesap.tk/assets/uploads/category-13.jpg]
[uygunhesap.tk/the-witcher-3-wild-hunt-12.html]
[uygunhesap.tk/assets/uploads/category-12.jpg]
[uygunhesap.tk/steam-key-gold-platinum-11.html]
[uygunhesap.tk/assets/uploads/category-11.jpg]
[uygunhesap.tk/discord-nitro-classic-boost-9.html]
[uygunhesap.tk/assets/uploads/category-9.jpg]
[uygunhesap.tk/fifa-20-8.html]
[uygunhesap.tk/assets/uploads/category-8.jpg]
[uygunhesap.tk/minecraft-7.html]
[uygunhesap.tk/assets/uploads/category-7.jpg]
[uygunhesap.tk/assets/uploads/category-6.jpg]
[uygunhesap.tk/netflix-5.html]
[uygunhesap.tk/assets/uploads/category-5.jpg]
[uygunhesap.tk/gta-v-3.html]
[uygunhesap.tk/assets/uploads/category-3.jpg]
[uygunhesap.tk/assets/js/popper.min.js]
[uygunhesap.tk/assets/js/theme.min.js]
[uygunhesap.tk/assets/js/aos.min.js]
[uygunhesap.tk/assets/js/bootstrap.min.js]
[uygunhesap.tk/assets/js/toastr.min.js]
[uygunhesap.tk/index.html]
[uygunhesap.tk/assets/css/bootstrap.min.css]
[uygunhesap.tk/assets/images/ui/custom-select.png]
[uygunhesap.tk/assets/images/ui/success.svg]
[uygunhesap.tk/assets/images/ui/warning.svg]
[uygunhesap.tk/assets/images/ui/danger.svg]
[uygunhesap.tk/assets/img/header-bg.png]
[uygunhesap.tk/assets/css/theme.min.css]
[uygunhesap.tk/assets/css/aos.min.css]
[uygunhesap.tk/assets/css/toastr.min.css]
[uygunhesap.tk/assets/fontawesome/webfonts/fa-brands-400.eot]
[uygunhesap.tk/assets/fontawesome/webfonts/fa-brands-400.woff2]
[uygunhesap.tk/assets/fontawesome/webfonts/fa-brands-400d41d.eot]
[uygunhesap.tk/assets/fontawesome/webfonts/fa-brands-400.ttf]
[uygunhesap.tk/assets/fontawesome/webfonts/fa-brands-400.svg]
[uygunhesap.tk/assets/fontawesome/webfonts/fa-regular-400.eot]
[uygunhesap.tk/assets/fontawesome/webfonts/fa-regular-400d41d.eot]
[uygunhesap.tk/assets/fontawesome/webfonts/fa-regular-400.woff2]
[uygunhesap.tk/assets/fontawesome/webfonts/fa-regular-400.woff]
[uygunhesap.tk/assets/fontawesome/webfonts/fa-regular-400.ttf]
[uygunhesap.tk/assets/fontawesome/webfonts/fa-regular-400.svg]
[uygunhesap.tk/assets/fontawesome/webfonts/fa-solid-900.eot]
[uygunhesap.tk/assets/fontawesome/webfonts/fa-solid-900.woff2]
[uygunhesap.tk/assets/fontawesome/webfonts/fa-solid-900d41d.eot]
[uygunhesap.tk/assets/fontawesome/webfonts/fa-solid-900.woff]
[uygunhesap.tk/assets/fontawesome/webfonts/fa-solid-900.svg]
[uygunhesap.tk/assets/fontawesome/css/all.min.css]
[uygunhesap.tk/assets/img/favicon.html]
[uygunhesap.tk/p/kullanim-kosullari.html]
[uygunhesap.tk/p/sikca-sorulan-sorular.html]
[uygunhesap.tk/reset-password.html]
[uygunhesap.tk/assets/img/login.png]
[uygunhesap.tk/assets/js/ajaxform.js]
[uygunhesap.tk/login.html]
[uygunhesap.tk/assets/img/register.png]
[uygunhesap.tk/register.html]
[uygunhesap.tk/forza-horizon-4-ultimate-edition-19.html]
[uygunhesap.tk/battlefield-v-18ffb7.html]
[uygunhesap.tk/battlefield-v-18.html]
[uygunhesap.tk/rainbow-six-siege-17.html]
[uygunhesap.tk/nba-2k20-16.html]
[uygunhesap.tk/mount-blade-ii-bannerlord-15.html]
[uygunhesap.tk/sea-of-thieves-14.html]
[uygunhesap.tk/playerunknowns-battlegrounds-13]
[uygunhesap.tk/the-witcher-3-wild-hunt-12.html]
[uygunhesap.tk/steam-key-gold-platinum-11ffb7.html]
[uygunhesap.tk/steam-key-gold-platinum-115350.html]
[uygunhesap.tk/steam-key-gold-platinum-11.html]
[uygunhesap.tk/discord-nitro-classic-boost-9ffb7.html]
[uygunhesap.tk/discord-nitro-classic-boost-9.html]
[uygunhesap.tk/fifa-20-8.html]
[uygunhesap.tk/minecraft-7.html]
[uygunhesap.tk/spotify-6]
[uygunhesap.tk/netflix-5.html]
[uygunhesap.tk/gta-v-3ffb7.html]
[uygunhesap.tk/gta-v-3.html]
[uygunhesap.tk/assets/images/ui/custom-select.html]
[uygunhesap.tk/assets/images/ui/success.html]
[uygunhesap.tk/assets/images/ui/warning.html]
[uygunhesap.tk/assets/images/ui/danger.html]
[uygunhesap.tk/assets/fontawesome/webfonts/fa-brands-400.woff]
[uygunhesap.tk/assets/fontawesome/webfonts/fa-brands-400.svg]
[uygunhesap.tk/assets/fontawesome/webfonts/fa-regular-400.svg]
[uygunhesap.tk/assets/fontawesome/webfonts/fa-solid-900.ttf]
[uygunhesap.tk/assets/fontawesome/webfonts/fa-solid-900.svg]
[uygunhesap.tk/assets/img/reset-password.png]
[uygunhesap.tk/reset-password.html]
[uygunhesap.tk/battlefield-v-18ffb7.html]
[uygunhesap.tk/playerunknowns-battlegrounds-13]
[uygunhesap.tk/steam-key-gold-platinum-11ffb7.html]
[uygunhesap.tk/steam-key-gold-platinum-115350.html]
[uygunhesap.tk/discord-nitro-classic-boost-9ffb7.html]
[uygunhesap.tk/spotify-6]
[uygunhesap.tk/gta-v-3ffb7.html]
